Microchip MPLAB XC8 Compiler V2.30

Linker command line:

-W-3 --edf=D:\trash\pic\dat\en_msgs.txt -cn \
  -h+dist/default/production\Projet_Electronique_Applique.production.sym \
  --cmf=dist/default/production\Projet_Electronique_Applique.production.cmf \
  -z -Q16F876A -oC:\Users\flore\AppData\Local\Temp\s84esx2 \
  --defsym=__MPLAB_BUILD=1 \
  -Mdist/default/production/Projet_Electronique_Applique.production.map -E1 \
  -ver=XC8 Compiler --acfsm=1493 -ASTACK=0110h-016Fh -pstack=STACK \
  -ACODE=00h-07FFhx4 -ASTRCODE=00h-01FFFh -ASTRING=00h-0FFhx32 \
  -ACONST=00h-0FFhx32 -AENTRY=00h-0FFhx32 -ACOMMON=070h-07Fh \
  -ABANK0=020h-06Fh -ABANK1=0A0h-0EFh -ABANK2=0110h-016Fh \
  -ABANK3=0190h-01EFh -ARAM=020h-06Fh,0A0h-0EFh,0110h-016Fh,0190h-01EFh \
  -AABS1=020h-07Fh,0A0h-0EFh,0110h-016Fh,0190h-01EFh -ASFR0=00h-01Fh \
  -ASFR1=080h-09Fh -ASFR2=0100h-010Fh -ASFR3=0180h-018Fh \
  -ACONFIG=02007h-02007h -DCONFIG=2 -AIDLOC=02000h-02003h -DIDLOC=2 \
  -AEEDATA=00h-0FFh/02100h -peeprom_data=EEDATA -DEEDATA=2 -DCODE=2 \
  -DSTRCODE=2 -DSTRING=2 -DCONST=2 -DENTRY=2 \
  -preset_vec=00h,intentry,init,end_init -ppowerup=CODE -pcinit=CODE \
  -pfunctab=ENTRY -k C:\Users\flore\AppData\Local\Temp\s84esxb.o \
  dist/default/production\Projet_Electronique_Applique.production.o 

Object code version is 3.11

Machine type is 16F876A



                Name                               Link     Load   Length Selector   Space Scale
C:\Users\flore\AppData\Local\Temp\s84esxb.o
                end_init                              0        0        3        0       0
                config                             2007     2007        1        0       4
dist/default/production\Projet_Electronique_Applique.production.o
                cinit                               7E1      7E1       1F      FC2       0
                config                             2007     2007        1        0       4
                text1                               721      721       10      E42       0
                maintext                            764      764       7D      EC8       0
                cstackBANK0                          20       20       2C       20       1
                cstackCOMMON                         70       70        5       70       1
                inittext                            731      731       13      E62       0
                dataBANK1                            A0       A0       20       A0       1
                dataBANK0                            4C       4C        9       20       1
                idataBANK1                          744      744       20      E88       0
                idataBANK0                          718      718        9      E30       0

TOTAL           Name                               Link     Load   Length     Space
        CLASS   STACK          

        CLASS   CODE           
                end_init                              0        0        3         0
                cinit                               7E1      7E1       1F         0
                text1                               721      721       10         0
                maintext                            764      764       7D         0
                inittext                            731      731       13         0
                idataBANK1                          744      744       20         0
                idataBANK0                          718      718        9         0

        CLASS   STRCODE        

        CLASS   STRING         

        CLASS   CONST          

        CLASS   ENTRY          

        CLASS   COMMON         
                cstackCOMMON                         70       70        5         1

        CLASS   BANK0          
                cstackBANK0                          20       20       2C         1
                dataBANK0                            4C       4C        9         1

        CLASS   BANK1          
                dataBANK1                            A0       A0       20         1

        CLASS   BANK2          

        CLASS   BANK3          

        CLASS   RAM            

        CLASS   ABS1           
                abs_s1                               7E       7E        2         1

        CLASS   SFR0           

        CLASS   SFR1           

        CLASS   SFR2           

        CLASS   SFR3           

        CLASS   CONFIG         
                config                             2007     2007        1         4

        CLASS   IDLOC          

        CLASS   EEDATA         



SEGMENTS        Name                           Load    Length   Top    Selector   Space  Class     Delta

                reset_vec                      000000  000003  000003         0       0  CODE        2
                cstackBANK0                    000020  000035  000055        20       1  BANK0       1
                cstackCOMMON                   000070  000005  000075        70       1  COMMON      1
                dataBANK1                      0000A0  000020  0000C0        A0       1  BANK1       1
                idataBANK0                     000718  000009  000721       E30       0  CODE        2
                text1                          000721  000010  000731       E42       0  CODE        2
                inittext                       000731  000013  000744       E62       0  CODE        2
                idataBANK1                     000744  000020  000764       E88       0  CODE        2
                maintext                       000764  00007D  0007E1       EC8       0  CODE        2
                cinit                          0007E1  00001F  000800       FC2       0  CODE        2


UNUSED ADDRESS RANGES

        Name                Unused          Largest block    Delta
        BANK0            0055-006F             1B           1
        BANK1            00C0-00EF             30           1
        BANK2            0110-016F             60           1
        BANK3            0190-01EF             60           1
        CODE             0003-0717            715           2
                         0800-1FFF            800
        COMMON           0075-007D              9           1
        CONST            0003-0717            100           2
                         0800-1FFF            100
        EEDATA           2100-21FF            100           2
        ENTRY            0003-0717            100           2
                         0800-1FFF            100
        IDLOC            2000-2003              4           2
        RAM              0055-006F             1B           1
                         00C0-00EF             30
                         0110-016F             60
                         0190-01EF             60
        SFR0             0000-001F             20           1
        SFR1             0080-009F             20           1
        SFR2             0100-010F             10           1
        SFR3             0180-018F             10           1
        STACK            0110-016F             60           1
        STRCODE          0003-0717            715           2
                         0800-1FFF           1800
        STRING           0003-0717            100           2
                         0800-1FFF            100

                                  Symbol Table

_ADCON1                  (abs)        009F
_CMCON                   (abs)        009C
_CVRCON                  (abs)        009D
_PIR1bits                (abs)        000C
_PORTBbits               (abs)        0006
_RCREG                   (abs)        001A
_RCSTA                   (abs)        0018
_RCSTAbits               (abs)        0018
_SPBRG                   (abs)        0099
_SSPADD                  (abs)        0093
_SSPBUF                  (abs)        0013
_SSPCON                  (abs)        0014
_SSPCON2                 (abs)        0091
_SSPCON2bits             (abs)        0091
_SSPSTAT                 (abs)        0094
_TRISA                   (abs)        0085
_TRISB                   (abs)        0086
_TRISC                   (abs)        0087
_TXREG                   (abs)        0019
_TXSTA                   (abs)        0098
_TXSTAbits               (abs)        0098
__Habs1                  abs1         0000
__Hbank0                 bank0        0000
__Hbank1                 bank1        0000
__Hbank2                 bank2        0000
__Hbank3                 bank3        0000
__Hcinit                 cinit        0800
__Hclrtext               clrtext      0000
__Hcode                  code         0000
__Hcommon                common       0000
__Hconfig                config       2008
__HcstackBANK0           cstackBANK0  0000
__HcstackCOMMON          cstackCOMMON 0000
__HdataBANK0             dataBANK0    0000
__HdataBANK1             dataBANK1    0000
__Heeprom_data           eeprom_data  0000
__Hend_init              end_init     0003
__Hfunctab               functab      0000
__HidataBANK0            idataBANK0   0000
__HidataBANK1            idataBANK1   0000
__Hinit                  init         0000
__Hinittext              inittext     0000
__Hintentry              intentry     0000
__Hmaintext              maintext     0000
__Hpowerup               powerup      0000
__Hram                   ram          0000
__Hreset_vec             reset_vec    0000
__Hsfr0                  sfr0         0000
__Hsfr1                  sfr1         0000
__Hsfr2                  sfr2         0000
__Hsfr3                  sfr3         0000
__Hspace_0               (abs)        0800
__Hspace_1               (abs)        00C0
__Hspace_2               (abs)        0000
__Hspace_3               (abs)        0000
__Hspace_4               (abs)        400F
__Hstack                 stack        0000
__Hstrings               strings      0000
__Htext                  text         0000
__Labs1                  abs1         0000
__Lbank0                 bank0        0000
__Lbank1                 bank1        0000
__Lbank2                 bank2        0000
__Lbank3                 bank3        0000
__Lcinit                 cinit        07E1
__Lclrtext               clrtext      0000
__Lcode                  code         0000
__Lcommon                common       0000
__Lconfig                config       0000
__LcstackBANK0           cstackBANK0  0000
__LcstackCOMMON          cstackCOMMON 0000
__LdataBANK0             dataBANK0    0000
__LdataBANK1             dataBANK1    0000
__Leeprom_data           eeprom_data  0000
__Lend_init              end_init     0000
__Lfunctab               functab      0000
__LidataBANK0            idataBANK0   0000
__LidataBANK1            idataBANK1   0000
__Linit                  init         0000
__Linittext              inittext     0000
__Lintentry              intentry     0000
__Lmaintext              maintext     0000
__Lpowerup               powerup      0000
__Lram                   ram          0000
__Lreset_vec             reset_vec    0000
__Lsfr0                  sfr0         0000
__Lsfr1                  sfr1         0000
__Lsfr2                  sfr2         0000
__Lsfr3                  sfr3         0000
__Lspace_0               (abs)        0000
__Lspace_1               (abs)        0000
__Lspace_2               (abs)        0000
__Lspace_3               (abs)        0000
__Lspace_4               (abs)        0000
__Lstack                 stack        0000
__Lstrings               strings      0000
__Ltext                  text         0000
__S0                     (abs)        0800
__S1                     (abs)        00C0
__S2                     (abs)        0000
__S3                     (abs)        0000
___int_sp                stack        0000
___latbits               (abs)        0002
___sp                    stack        0000
___stackhi               (abs)        0000
___stacklo               (abs)        0000
__end_of__initialization cinit        07FC
__end_of_main            maintext     07E1
__end_of_sendDataUART    text1        0731
__initialization         cinit        07E1
__pcstackBANK0           cstackBANK0  0020
__pcstackCOMMON          cstackCOMMON 0070
__pdataBANK0             dataBANK0    004C
__pdataBANK1             dataBANK1    00A0
__pidataBANK0            idataBANK0   0718
__pidataBANK1            idataBANK1   0744
__pmaintext              maintext     0764
__ptext1                 text1        0721
__size_of_main           (abs)        0000
__size_of_sendDataUART   (abs)        0000
_main                    maintext     0764
_sendDataUART            text1        0721
btemp                    (abs)        007E
end_of_initialization    cinit        07FC
init_fetch0              inittext     0731
init_ram0                inittext     0735
intlevel0                functab      0000
intlevel1                functab      0000
intlevel2                functab      0000
intlevel3                functab      0000
intlevel4                functab      0000
intlevel5                functab      0000
main@F777                dataBANK1    00A0
main@F779                dataBANK0    0051
main@F785                dataBANK0    004C
main@Seg                 cstackBANK0  0040
main@cp                  cstackBANK0  004B
main@data                cstackBANK0  0044
main@pos_segment         cstackBANK0  0020
reset_vec                reset_vec    0000
sendDataUART@data        cstackCOMMON 0070
start                    init         0000
start_initialization     cinit        07E1
wtemp0                   (abs)        007E


FUNCTION INFORMATION:

 *************** function _main *****************
 Defined at:
		line 26 in file "Radar.c"
 Parameters:    Size  Location     Type
		None
 Auto vars:     Size  Location     Type
  pos_segment    32    0[BANK0 ] int [16]
  trame          10    0        unsigned char [10]
  data            5   36[BANK0 ] unsigned char [5]
  Seg             4   32[BANK0 ] unsigned char [4]
  cp              1   43[BANK0 ] unsigned char 
  start           1    0        unsigned char 
  cp2             1    0        unsigned char 
 Return value:  Size  Location     Type
                  1    wreg      void 
 Registers used:
		wreg, fsr0l, fsr0h, status,2, status,0, pclath, cstack
 Tracked objects:
		On entry : 
		On exit  : 
		Unchanged: 
 Data sizes:     COMMON   BANK0   BANK1   BANK3   BANK2
      Params:         0       0       0       0       0
      Locals:         0      44       0       0       0
      Temps:          4       0       0       0       0
      Totals:         4      44       0       0       0
Total ram usage:       48 bytes
 Hardware stack levels required when called:    1
 This function calls:
		_sendDataUART
 This function is called by:
		Startup code after reset
 This function uses a non-reentrant model


 *************** function _sendDataUART *****************
 Defined at:
		line 91 in file "Radar.c"
 Parameters:    Size  Location     Type
  data            1    wreg     unsigned char 
 Auto vars:     Size  Location     Type
  data            1    0[COMMON] unsigned char 
 Return value:  Size  Location     Type
                  1    wreg      void 
 Registers used:
		wreg
 Tracked objects:
		On entry : 
		On exit  : 
		Unchanged: 
 Data sizes:     COMMON   BANK0   BANK1   BANK3   BANK2
      Params:         0       0       0       0       0
      Locals:         1       0       0       0       0
      Temps:          0       0       0       0       0
      Totals:         1       0       0       0       0
Total ram usage:        1 bytes
 Hardware stack levels used:    1
 This function calls:
		Nothing
 This function is called by:
		_main
 This function uses a non-reentrant model



MODULE INFORMATION

Module		Function		Class		Link	Load	Size
shared
		__initialization		CODE           	07E1	0000	27

shared estimated size: 27

Radar.c
		_main          		CODE           	0764	0000	125
		_sendDataUART  		CODE           	0721	0000	16

Radar.c estimated size: 141

